IO_fread|__GI__IO_: Network IO
__libc_sendmsg|__libc_recvmsg: Network IO
picoquic_incoming_segment : Network IO
picoquic_send_through_socket : Network IO
libc_read: File IO
vfs: File IO
picoquic_select_ex: File IO
idle|switch_mm_irqs_off: Scheduling
__pthread: Scheduling
__schedule|switch_to: Scheduling
picoquic_addr: QUIC stack
picoquic_prepare_packet_ex : QUIC stack
packet_loop: QUIC stack
picoquic_prepare|picoquic_create: QUIC stack
picoquic_parse_stream_header: QUIC stack
picoquic_format_available_stream_frames: QUIC stack
picoquic_retransmit_needed: QUIC stack
picoquic_process_possible_ack_of_ack_frame: QUIC stack
picoquic_get_next_wake_time: QUIC stack
crypto|encrypt|decrypt|CRYPTO|OPENSSL_|ptls: Crypto
picoquic_finalize_and_protect_packet: Crypto 
aesgcm: Crypto
SHA256_Update: Crypto
picoquic_aead_get_checksum_length : Crypto
setup_traffic_protection: Crypto
SHA256_Final: Crypto
BN_|EC_ : Crypto
consume_context_pipe : Migration
migrate_connection : Migration
pthread_mutex_lock | pthread_mutex_unlock : Lock 
